#-----------------------------------------------------------
# Vivado v2025.1 (64-bit)
# SW Build 6140274 on Thu May 22 00:12:29 MDT 2025
# IP Build 6138677 on Thu May 22 03:10:11 MDT 2025
# SharedData Build 6139179 on Tue May 20 17:58:58 MDT 2025
# Start of session at: Mon Mar 16 12:29:10 2026
# Process ID         : 76232
# Current directory  : C:/Users/Ryan/Desktop/Nexys-Video-HW/Nexys-Video-HW.runs/impl_1
# Command line       : vivado.exe -log design_1_wrapper.vdi -applog -product Vivado -messageDb vivado.pb -mode batch -source design_1_wrapper.tcl -notrace
# Log file           : C:/Users/Ryan/Desktop/Nexys-Video-HW/Nexys-Video-HW.runs/impl_1/design_1_wrapper.vdi
# Journal file       : C:/Users/Ryan/Desktop/Nexys-Video-HW/Nexys-Video-HW.runs/impl_1\vivado.jou
# Running On         : Ryans-PC
# Platform           : Windows Server 2016 or Windows 10
# Operating System   : 19045
# Processor Detail   : AMD Ryzen 7 5700G with Radeon Graphics         
# CPU Frequency      : 3793 MHz
# CPU Physical cores : 8
# CPU Logical cores  : 16
# Host memory        : 16523 MB
# Swap memory        : 16523 MB
# Total Virtual      : 33047 MB
# Available Virtual  : 14101 MB
#-----------------------------------------------------------
source design_1_wrapper.tcl -notrace
