#-----------------------------------------------------------
# Vivado v2025.1 (64-bit)
# SW Build 6140274 on Thu May 22 00:12:29 MDT 2025
# IP Build 6138677 on Thu May 22 03:10:11 MDT 2025
# SharedData Build 6139179 on Tue May 20 17:58:58 MDT 2025
# Start of session at: Sun Mar 15 01:21:53 2026
# Process ID         : 76468
# Current directory  : C:/Users/Ryan/Desktop/Nexys-Video-HW
# Command line       : vivado.exe -gui_launcher_event rodinguilauncherevent56084 C:\Users\Ryan\Desktop\Nexys-Video-HW\Nexys-Video-HW.xpr
# Log file           : C:/Users/Ryan/Desktop/Nexys-Video-HW/vivado.log
# Journal file       : C:/Users/Ryan/Desktop/Nexys-Video-HW\vivado.jou
# Running On         : Ryans-PC
# Platform           : Windows Server 2016 or Windows 10
# Operating System   : 19045
# Processor Detail   : AMD Ryzen 7 5700G with Radeon Graphics         
# CPU Frequency      : 3793 MHz
# CPU Physical cores : 8
# CPU Logical cores  : 16
# Host memory        : 16523 MB
# Swap memory        : 16523 MB
# Total Virtual      : 33047 MB
# Available Virtual  : 13427 MB
#-----------------------------------------------------------
start_gui
open_project C:/Users/Ryan/Desktop/Nexys-Video-HW/Nexys-Video-HW.xpr
update_compile_order -fileset sources_1
report_ip_status -name ip_status 
open_bd_design {C:/Users/Ryan/Desktop/Nexys-Video-HW/Nexys-Video-HW.srcs/sources_1/bd/design_1/design_1.bd}
launch_simulation
source design_1_wrapper.tcl
close_sim
